(node:31493) ExperimentalWarning: SQLite is an experimental feature and might change at any time
(Use `node --trace-warnings ...` to show where the warning was created)
Server running at http://localhost:3000
▶ Note API Endpoints
  [32m✔ POST /api/sessions/:id/notes should create a note [90m(6.247375ms)[39m[39m
  [32m✔ GET /api/sessions/:id/notes should list notes [90m(3.640833ms)[39m[39m
[32m✔ Note API Endpoints [90m(74.633ms)[39m[39m
[31m✖ test/notes_api.test.js [90m(5023.821583ms)[39m[39m
[34mℹ tests 3[39m
[34mℹ suites 1[39m
[34mℹ pass 2[39m
[34mℹ fail 0[39m
[34mℹ cancelled 1[39m
[34mℹ skipped 0[39m
[34mℹ todo 0[39m
[34mℹ duration_ms 5028.810125[39m

[31m✖ failing tests:[39m

test at test/notes_api.test.js:1:1
[31m✖ test/notes_api.test.js [90m(5023.821583ms)[39m[39m
  'Promise resolution is still pending but the event loop has already resolved'
